<html>
<body>
<pre>
<h1>µVision Build Log</h1>
<h2>Tool Versions:</h2>
IDE-Version: µVision V5.31.0.0
Copyright (C) 2020 ARM Ltd and ARM Germany GmbH. All rights reserved.
License Information: nhan truong, nhantruong, LIC=9WSKC-7F63M-QDKKD-8WNR4-FX8RE-E7UHQ
 
Tool Versions:
Toolchain:       MDK-ARM Plus  Version: 5.31.0.0
Toolchain Path:  C:\Keil_v5\ARM\ARMCC\Bin
C Compiler:      Armcc.exe V5.06 update 6 (build 750)
Assembler:       Armasm.exe V5.06 update 6 (build 750)
Linker/Locator:  ArmLink.exe V5.06 update 6 (build 750)
Library Manager: ArmAr.exe V5.06 update 6 (build 750)
Hex Converter:   FromElf.exe V5.06 update 6 (build 750)
CPU DLL:         SARMCM3.DLL V5.31.0.0
Dialog DLL:      DCM.DLL V1.17.3.0
Target DLL:      STLink\ST-LINKIII-KEIL_SWO.dll V3.0.7.0
Dialog DLL:      TCM.DLL V1.46.0.0
 
<h2>Project:</h2>
C:\Users\LAPTOP\Desktop\ControlTemp\MDK-ARM\ControlTemp.uvprojx
Project File Date:  03/26/2024

<h2>Output:</h2>
*** Using Compiler 'V5.06 update 6 (build 750)', folder: 'C:\Keil_v5\ARM\ARMCC\Bin'
Build target 'ControlTemp'
compiling main.c...
../Core/Src/main.c(96): warning:  #188-D: enumerated type mixed with another type
  	HAL_GPIO_WritePin(A_SEG_PORT, A_SEG_PIN, (Segment_Cathode_Code[num] & 0x01) >> 0);
../Core/Src/main.c(97): warning:  #188-D: enumerated type mixed with another type
  	HAL_GPIO_WritePin(B_SEG_PORT, B_SEG_PIN, (Segment_Cathode_Code[num] & 0x02) >> 1);
../Core/Src/main.c(98): warning:  #188-D: enumerated type mixed with another type
  	HAL_GPIO_WritePin(C_SEG_PORT, C_SEG_PIN, (Segment_Cathode_Code[num] & 0x04) >> 2);
../Core/Src/main.c(99): warning:  #188-D: enumerated type mixed with another type
  	HAL_GPIO_WritePin(D_SEG_PORT, D_SEG_PIN, (Segment_Cathode_Code[num] & 0x08) >> 3);
../Core/Src/main.c(100): warning:  #188-D: enumerated type mixed with another type
  	HAL_GPIO_WritePin(E_SEG_PORT, E_SEG_PIN, (Segment_Cathode_Code[num] & 0x10) >> 4);
../Core/Src/main.c(101): warning:  #188-D: enumerated type mixed with another type
  	HAL_GPIO_WritePin(F_SEG_PORT, F_SEG_PIN, (Segment_Cathode_Code[num] & 0x20) >> 5);
../Core/Src/main.c(102): warning:  #188-D: enumerated type mixed with another type
  	HAL_GPIO_WritePin(G_SEG_PORT, G_SEG_PIN, (Segment_Cathode_Code[num] & 0x40) >> 6);
../Core/Src/main.c(107): warning:  #188-D: enumerated type mixed with another type
  			HAL_GPIO_WritePin(DIG1_PORT, DIG1_PIN, 1);
../Core/Src/main.c(108): warning:  #188-D: enumerated type mixed with another type
  			HAL_GPIO_WritePin(DIG2_PORT, DIG2_PIN, 0);
../Core/Src/main.c(111): warning:  #188-D: enumerated type mixed with another type
  			HAL_GPIO_WritePin(DIG1_PORT, DIG1_PIN, 0);
../Core/Src/main.c(112): warning:  #188-D: enumerated type mixed with another type
  			HAL_GPIO_WritePin(DIG2_PORT, DIG2_PIN, 1);
../Core/Src/main.c(140): warning:  #188-D: enumerated type mixed with another type
  			HAL_GPIO_WritePin(COND1_PORT, COND1_PIN, 0);
../Core/Src/main.c(144): warning:  #188-D: enumerated type mixed with another type
  			HAL_GPIO_WritePin(COND1_PORT, COND1_PIN, 0);
../Core/Src/main.c(145): warning:  #188-D: enumerated type mixed with another type
  			HAL_GPIO_WritePin(COND2_PORT, COND2_PIN, 0);
../Core/Src/main.c(149): warning:  #188-D: enumerated type mixed with another type
  			HAL_GPIO_WritePin(COND1_PORT, COND1_PIN, 0);
../Core/Src/main.c(150): warning:  #188-D: enumerated type mixed with another type
  			HAL_GPIO_WritePin(COND2_PORT, COND2_PIN, 0);
../Core/Src/main.c(151): warning:  #188-D: enumerated type mixed with another type
  			HAL_GPIO_WritePin(COND3_PORT, COND3_PIN, 0);
../Core/Src/main.c(189): warning:  #188-D: enumerated type mixed with another type
  	HAL_GPIO_WritePin(COND1_PORT, COND1_PIN, 1);
../Core/Src/main.c(190): warning:  #188-D: enumerated type mixed with another type
  	HAL_GPIO_WritePin(COND2_PORT, COND2_PIN, 1);
../Core/Src/main.c(191): warning:  #188-D: enumerated type mixed with another type
  	HAL_GPIO_WritePin(COND2_PORT, COND3_PIN, 1);
../Core/Src/main.c: 20 warnings, 0 errors
linking...
Program Size: Code=7596 RO-data=328 RW-data=36 ZI-data=1756  
FromELF: creating hex file...
"ControlTemp\ControlTemp.axf" - 0 Error(s), 20 Warning(s).

<h2>Software Packages used:</h2>

Package Vendor: ARM
                http://www.keil.com/pack/ARM.CMSIS.5.7.0.pack
                ARM.CMSIS.5.7.0
                CMSIS (Cortex Microcontroller Software Interface Standard)
   * Component: CORE Version: 5.4.0

Package Vendor: Keil
                http://www.keil.com/pack/Keil.STM32F1xx_DFP.2.4.0.pack
                Keil.STM32F1xx_DFP.2.4.0
                STMicroelectronics STM32F1 Series Device Support, Drivers and Examples

<h2>Collection of Component include folders:</h2>
  .\RTE\_ControlTemp
  C:\Users\LAPTOP\AppData\Local\Arm\Packs\ARM\CMSIS\5.7.0\CMSIS\Core\Include
  C:\Users\LAPTOP\AppData\Local\Arm\Packs\Keil\STM32F1xx_DFP\2.4.0\Device\Include

<h2>Collection of Component Files used:</h2>

   * Component: ARM::CMSIS:CORE:5.4.0
      Include file:  CMSIS\Core\Include\tz_context.h
Build Time Elapsed:  00:00:01
</pre>
</body>
</html>
